[maven.apache.org/plugins/maven-eclipse-plugin/index.html]
[backblue.gif]
[fade.gif]
[index.html]
[maven.apache.org/plugins/maven-eclipse-plugin/css/maven-base.css]
[maven.apache.org/plugins/maven-eclipse-plugin/css/maven-theme.css]
[maven.apache.org/plugins/maven-eclipse-plugin/css/site.css]
[maven.apache.org/plugins/maven-eclipse-plugin/css/print.css]
[www.google-analytics.com/urchin.js]
[maven.apache.org/images/apache-maven-project-2.png]
[maven.apache.org/images/maven-logo-2.gif]
[maven.apache.org/plugins/maven-eclipse-plugin/plugin-info.html]
[maven.apache.org/plugins/maven-eclipse-plugin/usage.html]
[maven.apache.org/plugins/maven-eclipse-plugin/faq.html]
[maven.apache.org/plugins/maven-eclipse-plugin/trouble-shooting/index.html]
[maven.apache.org/plugins/maven-eclipse-plugin/reactor.html]
[maven.apache.org/plugins/maven-eclipse-plugin/pde.html]
[maven.apache.org/plugins/maven-eclipse-plugin/wtp.html]
[maven.apache.org/plugins/maven-eclipse-plugin/examples/additional-facets.html]
[maven.apache.org/plugins/maven-eclipse-plugin/examples/ajdt-projects.html]
[maven.apache.org/plugins/maven-eclipse-plugin/examples/attach-library-sources.html]
[maven.apache.org/plugins/maven-eclipse-plugin/examples/configure-checkstyle.html]
[maven.apache.org/plugins/maven-eclipse-plugin/examples/load-code-styles.html]
[maven.apache.org/plugins/maven-eclipse-plugin/examples/multi-module-projects.html]
[maven.apache.org/plugins/maven-eclipse-plugin/examples/prevent-module-references.html]
[maven.apache.org/plugins/maven-eclipse-plugin/examples/provide-project-natures-and-build-commands.html]
[maven.apache.org/plugins/maven-eclipse-plugin/examples/specifying-source-path-inclusions-and-exclusions.html]
[maven.apache.org/plugins/maven-eclipse-plugin/project-info.html]
[maven.apache.org/plugins/maven-eclipse-plugin/integration.html]
[maven.apache.org/plugins/maven-eclipse-plugin/dependencies.html]
[maven.apache.org/plugins/maven-eclipse-plugin/issue-tracking.html]
[maven.apache.org/plugins/maven-eclipse-plugin/mail-lists.html]
[maven.apache.org/plugins/maven-eclipse-plugin/plugin-management.html]
[maven.apache.org/plugins/maven-eclipse-plugin/license.html]
[maven.apache.org/plugins/maven-eclipse-plugin/plugins.html]
[maven.apache.org/plugins/maven-eclipse-plugin/project-summary.html]
[maven.apache.org/plugins/maven-eclipse-plugin/team-list.html]
[maven.apache.org/plugins/maven-eclipse-plugin/source-repository.html]
[maven.apache.org/plugins/maven-eclipse-plugin/project-reports.html]
[maven.apache.org/plugins/maven-eclipse-plugin/images/logos/maven-feather.png]
[maven.apache.org/plugins/maven-eclipse-plugin/configure-workspace-mojo.html]
[maven.apache.org/plugins/maven-eclipse-plugin/eclipse-mojo.html]
[maven.apache.org/plugins/maven-eclipse-plugin/clean-mojo.html]
[maven.apache.org/plugins/maven-eclipse-plugin/to-maven-mojo.html]
[maven.apache.org/plugins/maven-eclipse-plugin/make-artifacts-mojo.html]
[maven.apache.org/plugins/maven-eclipse-plugin/install-plugins-mojo.html]
[maven.apache.org/plugins/maven-eclipse-plugin/myeclipse-mojo.html]
[maven.apache.org/plugins/maven-eclipse-plugin/myeclipse-clean-mojo.html]
[maven.apache.org/plugins/maven-eclipse-plugin/rad-mojo.html]
[maven.apache.org/plugins/maven-eclipse-plugin/rad-clean-mojo.html]
[maven.apache.org/plugins/maven-eclipse-plugin/index.html]
[maven.apache.org/plugins/maven-eclipse-plugin/images/expanded.gif]
[maven.apache.org/plugins/maven-eclipse-plugin/images/collapsed.gif]
[maven.apache.org/plugins/maven-eclipse-plugin/css/maven-base.css]
[maven.apache.org/plugins/maven-eclipse-plugin/images/external.png]
[maven.apache.org/plugins/maven-eclipse-plugin/images/newwindow.png]
[maven.apache.org/plugins/maven-eclipse-plugin/images/h3.jpg]
[maven.apache.org/plugins/maven-eclipse-plugin/images/breadcrumbs.jpg]
[maven.apache.org/plugins/maven-eclipse-plugin/images/h5.jpg]
[maven.apache.org/plugins/maven-eclipse-plugin/images/banner.jpg]
[maven.apache.org/plugins/maven-eclipse-plugin/images/icon_error_sml.gif]
[maven.apache.org/plugins/maven-eclipse-plugin/images/icon_warning_sml.gif]
[maven.apache.org/plugins/maven-eclipse-plugin/images/icon_success_sml.gif]
[maven.apache.org/plugins/maven-eclipse-plugin/images/icon_info_sml.gif]
[maven.apache.org/plugins/maven-eclipse-plugin/css/maven-theme.css]
[maven.apache.org/plugins/maven-eclipse-plugin/css/site.css]
[maven.apache.org/plugins/maven-eclipse-plugin/css/print.css]
[maven.apache.org/plugins/maven-eclipse-plugin/index-2.html]
[maven.apache.org/plugins/maven-eclipse-plugin/checkstyle.html]
[maven.apache.org/plugins/maven-eclipse-plugin/cobertura/index.html]
[maven.apache.org/plugins/maven-eclipse-plugin/cpd.html]
[maven.apache.org/plugins/maven-eclipse-plugin/apidocs/index.html]
[maven.apache.org/plugins/maven-eclipse-plugin/pmd.html]
[maven.apache.org/plugins/maven-eclipse-plugin/xref/index.html]
[maven.apache.org/plugins/maven-eclipse-plugin/surefire-report.html]
[maven.apache.org/plugins/maven-eclipse-plugin/taglist.html]
[maven.apache.org/plugins/maven-eclipse-plugin/testapidocs/index.html]
[maven.apache.org/plugins/maven-eclipse-plugin/xref-test/index.html]
[maven.apache.org/plugins/maven-eclipse-plugin/add-maven-repo-mojo.html]
[maven.apache.org/plugins/maven-eclipse-plugin/help-mojo.html]
[maven.apache.org/plugins/maven-eclipse-plugin/remove-cache-mojo.html]
[maven.apache.org/plugins/maven-eclipse-plugin/plugin-info.html]
[maven.apache.org/plugins/maven-eclipse-plugin/usage.html]
[maven.apache.org/plugins/maven-eclipse-plugin/faq.html]
[maven.apache.org/plugins/maven-eclipse-plugin/trouble-shooting/jdk-being-used-is-different-than-expected.html]
[maven.apache.org/plugins/maven-eclipse-plugin/trouble-shooting/index.html]
[maven.apache.org/plugins/maven-eclipse-plugin/reactor.html]
[maven.apache.org/plugins/maven-eclipse-plugin/pde.html]
[maven.apache.org/plugins/maven-eclipse-plugin/wtp.html]
[maven.apache.org/plugins/maven-eclipse-plugin/examples/additional-facets.html]
[maven.apache.org/plugins/maven-eclipse-plugin/examples/ajdt-projects.html]
[maven.apache.org/plugins/maven-eclipse-plugin/examples/attach-library-sources.html]
[maven.apache.org/plugins/maven-eclipse-plugin/examples/configure-checkstyle.html]
[maven.apache.org/plugins/maven-eclipse-plugin/examples/load-code-styles.html]
[maven.apache.org/plugins/maven-eclipse-plugin/examples/multi-module-projects.html]
[maven.apache.org/plugins/maven-eclipse-plugin/examples/prevent-module-references.html]
[maven.apache.org/plugins/maven-eclipse-plugin/examples/provide-project-natures-and-build-commands.html]
[maven.apache.org/plugins/maven-eclipse-plugin/examples/specifying-source-path-inclusions-and-exclusions.html]
[maven.apache.org/plugins/maven-eclipse-plugin/project-info.html]
[maven.apache.org/plugins/maven-eclipse-plugin/integration.html]
[maven.apache.org/plugins/maven-eclipse-plugin/images/close.gif]
[maven.apache.org/plugins/maven-eclipse-plugin/dependencies.html]
[maven.apache.org/plugins/maven-eclipse-plugin/issue-tracking.html]
[maven.apache.org/plugins/maven-eclipse-plugin/mail-lists.html]
[maven.apache.org/plugins/maven-eclipse-plugin/plugin-management.html]
[maven.apache.org/plugins/maven-eclipse-plugin/license.html]
[maven.apache.org/plugins/maven-eclipse-plugin/plugins.html]
[maven.apache.org/plugins/maven-eclipse-plugin/project-summary.html]
[maven.apache.org/plugins/maven-eclipse-plugin/team-list.html]
[maven.apache.org/plugins/maven-eclipse-plugin/source-repository.html]
[maven.apache.org/plugins/maven-eclipse-plugin/project-reports.html]
[maven.apache.org/plugins/maven-eclipse-plugin/configure-workspace-mojo.html]
[maven.apache.org/plugins/maven-eclipse-plugin/eclipse-mojo.html]
[maven.apache.org/plugins/maven-eclipse-plugin/clean-mojo.html]
[maven.apache.org/plugins/maven-eclipse-plugin/to-maven-mojo.html]
[maven.apache.org/plugins/maven-eclipse-plugin/make-artifacts-mojo.html]
[maven.apache.org/plugins/maven-eclipse-plugin/install-plugins-mojo.html]
[maven.apache.org/plugins/maven-eclipse-plugin/myeclipse-mojo.html]
[maven.apache.org/plugins/maven-eclipse-plugin/myeclipse-clean-mojo.html]
[maven.apache.org/plugins/maven-eclipse-plugin/rad-mojo.html]
[maven.apache.org/plugins/maven-eclipse-plugin/rad-clean-mojo.html]
[maven.apache.org/plugins/maven-eclipse-plugin/index-2.html]
[maven.apache.org/plugins/maven-eclipse-plugin/checkstyle.html]
[maven.apache.org/plugins/maven-eclipse-plugin/cobertura/index.html]
[maven.apache.org/plugins/maven-eclipse-plugin/cpd.html]
[maven.apache.org/plugins/maven-eclipse-plugin/apidocs/index.html]
[maven.apache.org/plugins/maven-eclipse-plugin/pmd.html]
[maven.apache.org/plugins/maven-eclipse-plugin/xref/index.html]
[maven.apache.org/plugins/maven-eclipse-plugin/surefire-report.html]
[maven.apache.org/plugins/maven-eclipse-plugin/taglist.html]
[maven.apache.org/plugins/maven-eclipse-plugin/testapidocs/index.html]
[maven.apache.org/plugins/maven-eclipse-plugin/xref-test/index.html]
[maven.apache.org/plugins/maven-eclipse-plugin/add-maven-repo-mojo.html]
[maven.apache.org/plugins/maven-eclipse-plugin/help-mojo.html]
[maven.apache.org/plugins/maven-eclipse-plugin/remove-cache-mojo.html]
[maven.apache.org/plugins/maven-eclipse-plugin/trouble-shooting/jdk-being-used-is-different-than-expected.html]
[maven.apache.org/plugins/maven-eclipse-plugin/examples/Multi Project Import/Export Plugin.html]
