[backblue.gif]
[fade.gif]
[index.html]
[mojo.codehaus.org/images/mojo_logo.png]
[mojo.codehaus.org/images/codehaus-small.png]
[mojo.codehaus.org/pde-maven-plugin/images/logos/maven-feather.png]
[mojo.codehaus.org/pde-maven-plugin/index.html]
[mojo.codehaus.org/pde-maven-plugin/images/expanded.gif]
[mojo.codehaus.org/pde-maven-plugin/images/collapsed.gif]
[mojo.codehaus.org/pde-maven-plugin/css/maven-base.css]
[mojo.codehaus.org/pde-maven-plugin/images/external.png]
[mojo.codehaus.org/pde-maven-plugin/images/newwindow.png]
[mojo.codehaus.org/pde-maven-plugin/images/icon_error_sml.gif]
[mojo.codehaus.org/pde-maven-plugin/images/icon_warning_sml.gif]
[mojo.codehaus.org/pde-maven-plugin/images/icon_success_sml.gif]
[mojo.codehaus.org/pde-maven-plugin/images/icon_info_sml.gif]
[mojo.codehaus.org/pde-maven-plugin/css/maven-theme.css]
[mojo.codehaus.org/pde-maven-plugin/css/site.html]
[mojo.codehaus.org/pde-maven-plugin/css/print.css]
[mojo.codehaus.org/pde-maven-plugin/usage.html]
[mojo.codehaus.org/pde-maven-plugin/lifecycle.html]
[mojo.codehaus.org/pde-maven-plugin/plugin-info.html]
[mojo.codehaus.org/pde-maven-plugin/references.html]
[mojo.codehaus.org/pde-maven-plugin/faq.html]
[mojo.codehaus.org/pde-maven-plugin/examples/getting_started.html]
[mojo.codehaus.org/pde-maven-plugin/examples/simple_plugin.html]
[mojo.codehaus.org/pde-maven-plugin/examples/simple_feature.html]
[mojo.codehaus.org/pde-maven-plugin/examples/simple_product.html]
[mojo.codehaus.org/pde-maven-plugin/examples/simple_updatesite.html]
[mojo.codehaus.org/pde-maven-plugin/examples/m2eclipse.html]
[mojo.codehaus.org/pde-maven-plugin/project-info.html]
[mojo.codehaus.org/pde-maven-plugin/project-reports.html]
[mojo.codehaus.org/pde-maven-plugin/pde-mojo.html]
[mojo.codehaus.org/pde-maven-plugin/attach-mojo.html]
[mojo.codehaus.org/pde-maven-plugin/ext-mojo.html]
[mojo.codehaus.org/pde-maven-plugin/test-mojo.html]
[mojo.codehaus.org/pde-maven-plugin/clean-mojo.html]
[mojo.codehaus.org/pde-maven-plugin/examples/gettting_started.html]
[mojo.codehaus.org/pde-maven-plugin/index-2.html]
[mojo.codehaus.org/pde-maven-plugin/checkstyle.rss]
[mojo.codehaus.org/pde-maven-plugin/images/rss.png]
[mojo.codehaus.org/pde-maven-plugin/checkstyle.html]
[mojo.codehaus.org/pde-maven-plugin/cobertura/index.html]
[mojo.codehaus.org/pde-maven-plugin/cpd.html]
[mojo.codehaus.org/pde-maven-plugin/apidocs/index.html]
[mojo.codehaus.org/pde-maven-plugin/surefire-report.html]
[mojo.codehaus.org/pde-maven-plugin/pmd.html]
[mojo.codehaus.org/pde-maven-plugin/xref/index.html]
[mojo.codehaus.org/pde-maven-plugin/taglist.html]
[mojo.codehaus.org/pde-maven-plugin/xref-test/index.html]
[mojo.codehaus.org/pde-maven-plugin/examples/index.html]
[mojo.codehaus.org/pde-maven-plugin/integration.html]
[mojo.codehaus.org/pde-maven-plugin/dependencies.html]
[mojo.codehaus.org/pde-maven-plugin/issue-tracking.html]
[mojo.codehaus.org/pde-maven-plugin/mail-lists.html]
[www.apache.org/images/asf_logo_wide.gif]
[www.apache.org/images/redarrow.gif]
[mojo.codehaus.org/pde-maven-plugin/license.html]
[mojo.codehaus.org/pde-maven-plugin/project-summary.html]
[mojo.codehaus.org/pde-maven-plugin/team-list.html]
[mojo.codehaus.org/pde-maven-plugin/source-repository.html]
[mojo.codehaus.org/pde-maven-plugin/xref/org/codehaus/mojo/pde/EclipsePDEAttachMojo.html]
[mojo.codehaus.org/pde-maven-plugin/xref/org/codehaus/mojo/pde/descriptor/DescriptorUtil.html]
[mojo.codehaus.org/pde-maven-plugin/xref/org/codehaus/mojo/pde/EclipsePDECleanMojo.html]
[mojo.codehaus.org/pde-maven-plugin/xref/org/codehaus/mojo/pde/EclipsePDEMojo.html]
[mojo.codehaus.org/pde-maven-plugin/xref/org/codehaus/mojo/pde/EclipsePDEExtMojo.html]
[mojo.codehaus.org/pde-maven-plugin/xref/org/codehaus/mojo/pde/descriptor/ManifestBean.html]
[mojo.codehaus.org/pde-maven-plugin/xref/org/codehaus/mojo/pde/AbstractEclipsePDEMojo.html]
[mojo.codehaus.org/pde-maven-plugin/xref/org/codehaus/mojo/pde/EclipsePDETestMojo.html]
[mojo.codehaus.org/pde-maven-plugin/cobertura/frame-packages.html]
[mojo.codehaus.org/pde-maven-plugin/cobertura/frame-sourcefiles.html]
[mojo.codehaus.org/pde-maven-plugin/cobertura/frame-summary.html]
[mojo.codehaus.org/pde-maven-plugin/apidocs/overview-frame.html]
[mojo.codehaus.org/pde-maven-plugin/apidocs/allclasses-frame.html]
[mojo.codehaus.org/pde-maven-plugin/apidocs/overview-summary.html]
[mojo.codehaus.org/pde-maven-plugin/xref/overview-frame.html]
[mojo.codehaus.org/pde-maven-plugin/xref/allclasses-frame.html]
[mojo.codehaus.org/pde-maven-plugin/xref/overview-summary.html]
[mojo.codehaus.org/pde-maven-plugin/xref-test/overview-frame.html]
[mojo.codehaus.org/pde-maven-plugin/xref-test/allclasses-frame.html]
[mojo.codehaus.org/pde-maven-plugin/xref-test/overview-summary.html]
[mojo.codehaus.org/pde-maven-plugin/[Original text].html]
[mojo.codehaus.org/pde-maven-plugin/xref/stylesheet.css]
[mojo.codehaus.org/pde-maven-plugin/apidocs/org/codehaus/mojo/pde/EclipsePDEAttachMojo.html]
[mojo.codehaus.org/pde-maven-plugin/apidocs/org/codehaus/mojo/pde/descriptor/DescriptorUtil.html]
[mojo.codehaus.org/pde-maven-plugin/apidocs/org/codehaus/mojo/pde/EclipsePDECleanMojo.html]
[mojo.codehaus.org/pde-maven-plugin/apidocs/org/codehaus/mojo/pde/EclipsePDEMojo.html]
[mojo.codehaus.org/pde-maven-plugin/apidocs/org/codehaus/mojo/pde/EclipsePDEExtMojo.html]
[mojo.codehaus.org/pde-maven-plugin/apidocs/org/codehaus/mojo/pde/descriptor/ManifestBean.html]
[mojo.codehaus.org/pde-maven-plugin/apidocs/org/codehaus/mojo/pde/AbstractEclipsePDEMojo.html]
[mojo.codehaus.org/pde-maven-plugin/apidocs/org/codehaus/mojo/pde/EclipsePDETestMojo.html]
[mojo.codehaus.org/pde-maven-plugin/cobertura/css/main.css]
[mojo.codehaus.org/pde-maven-plugin/cobertura/frame-summary-org.codehaus.mojo.pde.html]
[mojo.codehaus.org/pde-maven-plugin/cobertura/frame-summary-org.codehaus.mojo.pde.descriptor.html]
[mojo.codehaus.org/pde-maven-plugin/cobertura/frame-summary-org.codehaus.mojo.pde.descriptor.io.xpp3.html]
[mojo.codehaus.org/pde-maven-plugin/cobertura/org.codehaus.mojo.pde.AbstractEclipsePDEMojo.html]
[mojo.codehaus.org/pde-maven-plugin/cobertura/org.codehaus.mojo.pde.descriptor.Descriptor.html]
[mojo.codehaus.org/pde-maven-plugin/cobertura/org.codehaus.mojo.pde.descriptor.DescriptorUtil.html]
[mojo.codehaus.org/pde-maven-plugin/cobertura/org.codehaus.mojo.pde.EclipsePDEAttachMojo.html]
[mojo.codehaus.org/pde-maven-plugin/cobertura/org.codehaus.mojo.pde.EclipsePDECleanMojo.html]
[mojo.codehaus.org/pde-maven-plugin/cobertura/org.codehaus.mojo.pde.EclipsePDEExtMojo.html]
[mojo.codehaus.org/pde-maven-plugin/cobertura/org.codehaus.mojo.pde.EclipsePDEMojo.html]
[mojo.codehaus.org/pde-maven-plugin/cobertura/org.codehaus.mojo.pde.EclipsePDETestMojo.html]
[mojo.codehaus.org/pde-maven-plugin/cobertura/org.codehaus.mojo.pde.descriptor.FeatureDescriptor.html]
[mojo.codehaus.org/pde-maven-plugin/cobertura/org.codehaus.mojo.pde.descriptor.io.xpp3.FeatureXpp3Reader.html]
[mojo.codehaus.org/pde-maven-plugin/cobertura/org.codehaus.mojo.pde.descriptor.FragmentDescriptor.html]
[mojo.codehaus.org/pde-maven-plugin/cobertura/org.codehaus.mojo.pde.descriptor.io.xpp3.FragmentXpp3Reader.html]
[mojo.codehaus.org/pde-maven-plugin/cobertura/org.codehaus.mojo.pde.descriptor.ManifestBean.html]
[mojo.codehaus.org/pde-maven-plugin/cobertura/org.codehaus.mojo.pde.descriptor.PluginDescriptor.html]
[mojo.codehaus.org/pde-maven-plugin/cobertura/org.codehaus.mojo.pde.descriptor.io.xpp3.PluginXpp3Reader.html]
[mojo.codehaus.org/pde-maven-plugin/cobertura/org.codehaus.mojo.pde.descriptor.ProductDescriptor.html]
[mojo.codehaus.org/pde-maven-plugin/cobertura/org.codehaus.mojo.pde.descriptor.io.xpp3.ProductXpp3Reader.html]
[mojo.codehaus.org/pde-maven-plugin/cobertura/css/sortabletable.css]
[mojo.codehaus.org/pde-maven-plugin/cobertura/js/popup.js]
[mojo.codehaus.org/pde-maven-plugin/cobertura/js/sortabletable.js]
[mojo.codehaus.org/pde-maven-plugin/cobertura/js/customsorttypes.js]
[mojo.codehaus.org/pde-maven-plugin/cobertura/help.html]
[mojo.codehaus.org/pde-maven-plugin/apidocs/stylesheet.css]
[mojo.codehaus.org/pde-maven-plugin/apidocs/org/codehaus/mojo/pde/package-frame.html]
[mojo.codehaus.org/pde-maven-plugin/apidocs/org/codehaus/mojo/pde/descriptor/package-frame.html]
[mojo.codehaus.org/pde-maven-plugin/apidocs/org/codehaus/mojo/pde/descriptor/io/xpp3/package-frame.html]
[mojo.codehaus.org/pde-maven-plugin/apidocs/org/codehaus/mojo/pde/descriptor/Descriptor.html]
[mojo.codehaus.org/pde-maven-plugin/apidocs/org/codehaus/mojo/pde/descriptor/FeatureDescriptor.html]
[mojo.codehaus.org/pde-maven-plugin/apidocs/org/codehaus/mojo/pde/descriptor/io/xpp3/FeatureXpp3Reader.html]
[mojo.codehaus.org/pde-maven-plugin/apidocs/org/codehaus/mojo/pde/descriptor/FragmentDescriptor.html]
[mojo.codehaus.org/pde-maven-plugin/apidocs/org/codehaus/mojo/pde/descriptor/io/xpp3/FragmentXpp3Reader.html]
[mojo.codehaus.org/pde-maven-plugin/apidocs/org/codehaus/mojo/pde/descriptor/PluginDescriptor.html]
[mojo.codehaus.org/pde-maven-plugin/apidocs/org/codehaus/mojo/pde/descriptor/io/xpp3/PluginXpp3Reader.html]
[mojo.codehaus.org/pde-maven-plugin/apidocs/org/codehaus/mojo/pde/descriptor/ProductDescriptor.html]
[mojo.codehaus.org/pde-maven-plugin/apidocs/org/codehaus/mojo/pde/descriptor/io/xpp3/ProductXpp3Reader.html]
[mojo.codehaus.org/pde-maven-plugin/apidocs/overview-tree.html]
[mojo.codehaus.org/pde-maven-plugin/apidocs/deprecated-list.html]
[mojo.codehaus.org/pde-maven-plugin/apidocs/index-all.html]
[mojo.codehaus.org/pde-maven-plugin/apidocs/help-doc.html]
[mojo.codehaus.org/pde-maven-plugin/apidocs/indexe0d5.html]
[mojo.codehaus.org/pde-maven-plugin/apidocs/allclasses-noframe.html]
[mojo.codehaus.org/pde-maven-plugin/apidocs/org/codehaus/mojo/pde/package-summary.html]
[mojo.codehaus.org/pde-maven-plugin/apidocs/org/codehaus/mojo/pde/descriptor/package-summary.html]
[mojo.codehaus.org/pde-maven-plugin/apidocs/org/codehaus/mojo/pde/descriptor/io/xpp3/package-summary.html]
[mojo.codehaus.org/pde-maven-plugin/xref/org/codehaus/mojo/pde/package-frame.html]
[mojo.codehaus.org/pde-maven-plugin/xref/org/codehaus/mojo/pde/descriptor/package-frame.html]
[mojo.codehaus.org/pde-maven-plugin/xref/org/codehaus/mojo/pde/descriptor/io/xpp3/package-frame.html]
[mojo.codehaus.org/pde-maven-plugin/xref/org/codehaus/mojo/pde/descriptor/Descriptor.html]
[mojo.codehaus.org/pde-maven-plugin/xref/org/codehaus/mojo/pde/descriptor/FeatureDescriptor.html]
[mojo.codehaus.org/pde-maven-plugin/xref/org/codehaus/mojo/pde/descriptor/io/xpp3/FeatureXpp3Reader.html]
[mojo.codehaus.org/pde-maven-plugin/xref/org/codehaus/mojo/pde/descriptor/FragmentDescriptor.html]
[mojo.codehaus.org/pde-maven-plugin/xref/org/codehaus/mojo/pde/descriptor/io/xpp3/FragmentXpp3Reader.html]
[mojo.codehaus.org/pde-maven-plugin/xref/org/codehaus/mojo/pde/descriptor/PluginDescriptor.html]
[mojo.codehaus.org/pde-maven-plugin/xref/org/codehaus/mojo/pde/descriptor/io/xpp3/PluginXpp3Reader.html]
[mojo.codehaus.org/pde-maven-plugin/xref/org/codehaus/mojo/pde/descriptor/ProductDescriptor.html]
[mojo.codehaus.org/pde-maven-plugin/xref/org/codehaus/mojo/pde/descriptor/io/xpp3/ProductXpp3Reader.html]
[mojo.codehaus.org/pde-maven-plugin/xref/org/codehaus/mojo/pde/package-summary.html]
[mojo.codehaus.org/pde-maven-plugin/xref/org/codehaus/mojo/pde/descriptor/package-summary.html]
[mojo.codehaus.org/pde-maven-plugin/xref/org/codehaus/mojo/pde/descriptor/io/xpp3/package-summary.html]
[mojo.codehaus.org/pde-maven-plugin/xref-test/stylesheet.css]
[mojo.codehaus.org/pde-maven-plugin/xref-test/org/codehaus/mojo/pde/package-frame.html]
[mojo.codehaus.org/pde-maven-plugin/xref-test/org/codehaus/mojo/pde/descriptor/package-frame.html]
[mojo.codehaus.org/pde-maven-plugin/xref-test/org/codehaus/mojo/pde/stubs/package-frame.html]
[mojo.codehaus.org/pde-maven-plugin/xref-test/org/eclipse/core/launcher/package-frame.html]
[mojo.codehaus.org/pde-maven-plugin/xref-test/org/codehaus/mojo/pde/stubs/BuildStub.html]
[mojo.codehaus.org/pde-maven-plugin/xref-test/org/codehaus/mojo/pde/descriptor/DescriptorTest.html]
[mojo.codehaus.org/pde-maven-plugin/xref-test/org/codehaus/mojo/pde/EclipsePDEMojoTest.html]
[mojo.codehaus.org/pde-maven-plugin/xref-test/org/eclipse/core/launcher/Main.html]
[mojo.codehaus.org/pde-maven-plugin/xref-test/org/codehaus/mojo/pde/stubs/ProjectStub.html]
[mojo.codehaus.org/pde-maven-plugin/xref-test/org/codehaus/mojo/pde/package-summary.html]
[mojo.codehaus.org/pde-maven-plugin/xref-test/org/codehaus/mojo/pde/descriptor/package-summary.html]
[mojo.codehaus.org/pde-maven-plugin/xref-test/org/codehaus/mojo/pde/stubs/package-summary.html]
[mojo.codehaus.org/pde-maven-plugin/xref-test/org/eclipse/core/launcher/package-summary.html]
