[backblue.gif]
[fade.gif]
[index.html]
[www.umlgraph.org/javadoc/index.html]
[www.umlgraph.org/javadoc/allclasses-frame.html]
[www.umlgraph.org/javadoc/org/umlgraph/doclet/package-summary.html]
[www.umlgraph.org/javadoc/stylesheet.css]
[www.umlgraph.org/javadoc/org/umlgraph/doclet/ClassGraph.html]
[www.umlgraph.org/javadoc/org/umlgraph/doclet/ClassGraph.Align.html]
[www.umlgraph.org/javadoc/org/umlgraph/doclet/ClassGraph.FieldRelationInfo.html]
[www.umlgraph.org/javadoc/org/umlgraph/doclet/ClassGraph.Font.html]
[www.umlgraph.org/javadoc/org/umlgraph/doclet/ClassInfo.html]
[www.umlgraph.org/javadoc/org/umlgraph/doclet/ClassMatcher.html]
[www.umlgraph.org/javadoc/org/umlgraph/doclet/ContextMatcher.html]
[www.umlgraph.org/javadoc/org/umlgraph/doclet/ContextMatcher.ClassGraphHack.html]
[www.umlgraph.org/javadoc/org/umlgraph/doclet/ContextMatcher.DevNullWriter.html]
[www.umlgraph.org/javadoc/org/umlgraph/doclet/ContextView.html]
[www.umlgraph.org/javadoc/org/umlgraph/doclet/InterfaceMatcher.html]
[www.umlgraph.org/javadoc/org/umlgraph/doclet/OptionProvider.html]
[www.umlgraph.org/javadoc/org/umlgraph/doclet/Options.html]
[www.umlgraph.org/javadoc/org/umlgraph/doclet/PackageMatcher.html]
[www.umlgraph.org/javadoc/org/umlgraph/doclet/PackageView.html]
[www.umlgraph.org/javadoc/org/umlgraph/doclet/PatternMatcher.html]
[www.umlgraph.org/javadoc/org/umlgraph/doclet/RelationDirection.html]
[www.umlgraph.org/javadoc/org/umlgraph/doclet/RelationPattern.html]
[www.umlgraph.org/javadoc/org/umlgraph/doclet/RelationType.html]
[www.umlgraph.org/javadoc/org/umlgraph/doclet/Shape.html]
[www.umlgraph.org/javadoc/org/umlgraph/doclet/StringUtil.html]
[www.umlgraph.org/javadoc/org/umlgraph/doclet/SubclassMatcher.html]
[www.umlgraph.org/javadoc/org/umlgraph/doclet/UmlGraph.html]
[www.umlgraph.org/javadoc/org/umlgraph/doclet/UmlGraphDoc.html]
[www.umlgraph.org/javadoc/org/umlgraph/doclet/UMLOptions.html]
[www.umlgraph.org/javadoc/org/umlgraph/doclet/Version.html]
[www.umlgraph.org/javadoc/org/umlgraph/doclet/View.html]
[www.umlgraph.org/javadoc/org/umlgraph/doclet/Visibility.html]
[www.umlgraph.org/javadoc/org/umlgraph/doclet/WrappedClassDoc.html]
[www.umlgraph.org/javadoc/org/umlgraph/doclet/package-tree.html]
[www.umlgraph.org/javadoc/deprecated-list.html]
[www.umlgraph.org/javadoc/index-all.html]
[www.umlgraph.org/javadoc/help-doc.html]
[www.umlgraph.org/javadoc/indexc1bd.html]
[www.umlgraph.org/javadoc/allclasses-noframe.html]
[www.umlgraph.org/javadoc/org/umlgraph/doclet/WrappedRootDoc.html]
